{"ledger":"control","ts":"<masked>","endpoint":"/control/reset"}
{"ledger":"invocation","ts":"<masked>","logical_work_item_id":"g-none","messageId":"","taskId":"","caller":"","body_sha256":"798d46639491d6c18f1779ddfca7da4b672f23a4cb57d66eeae48d9b8ccb6075","stream":false,"injection":"none","outcome":"ok","latency_ms":<masked>}
{"ledger":"control","ts":"<masked>","endpoint":"/control/reset"}
{"ledger":"invocation","ts":"<masked>","logical_work_item_id":"g-sse","messageId":"","taskId":"","caller":"","body_sha256":"3bfd9a7f965995a7db4559c6b2fab20948a8028b7f982e05342fda92fdb1f112","stream":true,"injection":"none","outcome":"ok","latency_ms":<masked>}
{"ledger":"control","ts":"<masked>","endpoint":"/control/reset"}
{"ledger":"control","ts":"<masked>","endpoint":"/control/inject","detail":"{\"mode\":\"http500\",\"lwi\":\"g-500\"}"}
{"ledger":"invocation","ts":"<masked>","logical_work_item_id":"g-500","messageId":"","taskId":"","caller":"","body_sha256":"798d46639491d6c18f1779ddfca7da4b672f23a4cb57d66eeae48d9b8ccb6075","stream":false,"injection":"http500","outcome":"http500","latency_ms":<masked>}
{"ledger":"control","ts":"<masked>","endpoint":"/control/reset"}
{"ledger":"control","ts":"<masked>","endpoint":"/control/inject","detail":"{\"mode\":\"close\",\"lwi\":\"g-close\"}"}
{"ledger":"invocation","ts":"<masked>","logical_work_item_id":"g-close","messageId":"","taskId":"","caller":"","body_sha256":"798d46639491d6c18f1779ddfca7da4b672f23a4cb57d66eeae48d9b8ccb6075","stream":false,"injection":"close","outcome":"closed","latency_ms":<masked>}
{"ledger":"control","ts":"<masked>","endpoint":"/control/reset"}
{"ledger":"control","ts":"<masked>","endpoint":"/control/inject","detail":"{\"mode\":\"delay-then-close\",\"lwi\":\"g-dtc\",\"delay_ms\":50}"}
{"ledger":"invocation","ts":"<masked>","logical_work_item_id":"g-dtc","messageId":"","taskId":"","caller":"","body_sha256":"798d46639491d6c18f1779ddfca7da4b672f23a4cb57d66eeae48d9b8ccb6075","stream":false,"injection":"delay-then-close","outcome":"delayed-close","latency_ms":<masked>}
{"ledger":"control","ts":"<masked>","endpoint":"/control/reset"}
{"ledger":"control","ts":"<masked>","endpoint":"/control/inject","detail":"{\"mode\":\"stale\",\"lwi\":\"g-stale\"}"}
{"ledger":"invocation","ts":"<masked>","logical_work_item_id":"g-stale","messageId":"","taskId":"","caller":"","body_sha256":"798d46639491d6c18f1779ddfca7da4b672f23a4cb57d66eeae48d9b8ccb6075","stream":false,"injection":"stale","outcome":"stale-armed","latency_ms":<masked>}
{"ledger":"invocation","ts":"<masked>","logical_work_item_id":"g-stale","messageId":"","taskId":"","caller":"","body_sha256":"","stream":false,"injection":"stale","outcome":"stale-closed","latency_ms":<masked>}
{"ledger":"control","ts":"<masked>","endpoint":"/control/reset"}
{"ledger":"control","ts":"<masked>","endpoint":"/control/inject","detail":"{\"mode\":\"http500\",\"at_count\":1}"}
{"ledger":"invocation","ts":"<masked>","logical_work_item_id":"g-count","messageId":"","taskId":"","caller":"","body_sha256":"798d46639491d6c18f1779ddfca7da4b672f23a4cb57d66eeae48d9b8ccb6075","stream":false,"injection":"http500","outcome":"http500","latency_ms":<masked>}
